
Memory Configuration

Name             Origin             Length             Attributes
flash            0x08000000         0x00020000         xr
sram             0x20000000         0x00005000         xrw
*default*        0x00000000         0xffffffff

Linker script and memory map


.text           0x08000000      0x11c
 *(.vector*)
 .vectors       0x08000000       0x14 startup.o
                0x08000000                vectors
 *(.text*)
 .text          0x08000014       0x78 main.o
                0x08000014                main
 .text          0x0800008c       0x90 startup.o
                0x0800008c                NMI_Handler
                0x0800008c                MemoryManagement_Handler
                0x0800008c                default_Handler
                0x0800008c                Hardfault_Handler
                0x08000098                Reset_Handler
 *(.rodata)
                0x0800011c                _E_text_ = .

.glue_7         0x0800011c        0x0
 .glue_7        0x0800011c        0x0 linker stubs

.glue_7t        0x0800011c        0x0
 .glue_7t       0x0800011c        0x0 linker stubs

.vfp11_veneer   0x0800011c        0x0
 .vfp11_veneer  0x0800011c        0x0 linker stubs

.v4_bx          0x0800011c        0x0
 .v4_bx         0x0800011c        0x0 linker stubs

.iplt           0x0800011c        0x0
 .iplt          0x0800011c        0x0 main.o

.rel.dyn        0x0800011c        0x0
 .rel.iplt      0x0800011c        0x0 main.o

.data           0x20000000        0x4 load address 0x0800011c
                0x20000000                _S_data_ = .
 *(.data*)
 .data          0x20000000        0x4 main.o
                0x20000000                R_ODR
 .data          0x20000004        0x0 startup.o
                0x20000004                . = ALIGN (0x4)
                0x20000004                _E_data_ = .

.igot.plt       0x20000004        0x0 load address 0x08000120
 .igot.plt      0x20000004        0x0 main.o

.bss            0x20000004     0x1000 load address 0x08000120
                0x20000004                _S_bss_ = .
 *(.bss*)
 .bss           0x20000004        0x0 main.o
 .bss           0x20000004        0x0 startup.o
                0x20000004                . = ALIGN (0x4)
                0x20000004                _E_bss_ = .
                0x20000004                . = ALIGN (0x4)
                0x20001004                . = (. + 0x1000)
 *fill*         0x20000004     0x1000 
                0x20001004                _stack_top = .
LOAD main.o
LOAD startup.o
OUTPUT(learn_in_depth_cortex_m3.elf elf32-littlearm)

.debug_info     0x00000000      0x2ec
 .debug_info    0x00000000      0x138 main.o
 .debug_info    0x00000138      0x1b4 startup.o

.debug_abbrev   0x00000000      0x1b2
 .debug_abbrev  0x00000000       0xdc main.o
 .debug_abbrev  0x000000dc       0xd6 startup.o

.debug_loc      0x00000000       0xb4
 .debug_loc     0x00000000       0x38 main.o
 .debug_loc     0x00000038       0x7c startup.o

.debug_aranges  0x00000000       0x40
 .debug_aranges
                0x00000000       0x20 main.o
 .debug_aranges
                0x00000020       0x20 startup.o

.debug_line     0x00000000      0x17c
 .debug_line    0x00000000       0x64 main.o
 .debug_line    0x00000064      0x118 startup.o

.debug_str      0x00000000      0x21d
 .debug_str     0x00000000      0x173 main.o
                                0x18c (size before relaxing)
 .debug_str     0x00000173       0xaa startup.o
                                0x217 (size before relaxing)

.comment        0x00000000       0x7e
 .comment       0x00000000       0x7e main.o
                                 0x7f (size before relaxing)
 .comment       0x0000007e       0x7f startup.o

.ARM.attributes
                0x00000000       0x33
 .ARM.attributes
                0x00000000       0x33 main.o
 .ARM.attributes
                0x00000033       0x33 startup.o

.debug_frame    0x00000000       0x7c
 .debug_frame   0x00000000       0x2c main.o
 .debug_frame   0x0000002c       0x50 startup.o
