Archive member included to satisfy reference by file (symbol)

c:/youssef/programs/stm32 cube ide/stm32cubeide_1.4.0/stm32cubeide/plugins/com.st.stm32cube.ide.mcu.externaltools.gnu-tools-for-stm32.9-2020-q2-update.win32_2.0.0.202105311346/tools/bin/../lib/gcc/arm-none-eabi/9.3.1/../../../../arm-none-eabi/lib/thumb/v7-m/nofp\libc_nano.a(lib_a-errno.o)
                              ./Core/Src/syscalls.o (__errno)
c:/youssef/programs/stm32 cube ide/stm32cubeide_1.4.0/stm32cubeide/plugins/com.st.stm32cube.ide.mcu.externaltools.gnu-tools-for-stm32.9-2020-q2-update.win32_2.0.0.202105311346/tools/bin/../lib/gcc/arm-none-eabi/9.3.1/../../../../arm-none-eabi/lib/thumb/v7-m/nofp\libc_nano.a(lib_a-exit.o)
                              c:/youssef/programs/stm32 cube ide/stm32cubeide_1.4.0/stm32cubeide/plugins/com.st.stm32cube.ide.mcu.externaltools.gnu-tools-for-stm32.9-2020-q2-update.win32_2.0.0.202105311346/tools/bin/../lib/gcc/arm-none-eabi/9.3.1/../../../../arm-none-eabi/lib/thumb/v7-m/nofp/crt0.o (exit)
c:/youssef/programs/stm32 cube ide/stm32cubeide_1.4.0/stm32cubeide/plugins/com.st.stm32cube.ide.mcu.externaltools.gnu-tools-for-stm32.9-2020-q2-update.win32_2.0.0.202105311346/tools/bin/../lib/gcc/arm-none-eabi/9.3.1/../../../../arm-none-eabi/lib/thumb/v7-m/nofp\libc_nano.a(lib_a-impure.o)
                              c:/youssef/programs/stm32 cube ide/stm32cubeide_1.4.0/stm32cubeide/plugins/com.st.stm32cube.ide.mcu.externaltools.gnu-tools-for-stm32.9-2020-q2-update.win32_2.0.0.202105311346/tools/bin/../lib/gcc/arm-none-eabi/9.3.1/../../../../arm-none-eabi/lib/thumb/v7-m/nofp\libc_nano.a(lib_a-exit.o) (_global_impure_ptr)
c:/youssef/programs/stm32 cube ide/stm32cubeide_1.4.0/stm32cubeide/plugins/com.st.stm32cube.ide.mcu.externaltools.gnu-tools-for-stm32.9-2020-q2-update.win32_2.0.0.202105311346/tools/bin/../lib/gcc/arm-none-eabi/9.3.1/../../../../arm-none-eabi/lib/thumb/v7-m/nofp\libc_nano.a(lib_a-init.o)
                              c:/youssef/programs/stm32 cube ide/stm32cubeide_1.4.0/stm32cubeide/plugins/com.st.stm32cube.ide.mcu.externaltools.gnu-tools-for-stm32.9-2020-q2-update.win32_2.0.0.202105311346/tools/bin/../lib/gcc/arm-none-eabi/9.3.1/../../../../arm-none-eabi/lib/thumb/v7-m/nofp/crt0.o (__libc_init_array)
c:/youssef/programs/stm32 cube ide/stm32cubeide_1.4.0/stm32cubeide/plugins/com.st.stm32cube.ide.mcu.externaltools.gnu-tools-for-stm32.9-2020-q2-update.win32_2.0.0.202105311346/tools/bin/../lib/gcc/arm-none-eabi/9.3.1/../../../../arm-none-eabi/lib/thumb/v7-m/nofp\libc_nano.a(lib_a-memset.o)
                              c:/youssef/programs/stm32 cube ide/stm32cubeide_1.4.0/stm32cubeide/plugins/com.st.stm32cube.ide.mcu.externaltools.gnu-tools-for-stm32.9-2020-q2-update.win32_2.0.0.202105311346/tools/bin/../lib/gcc/arm-none-eabi/9.3.1/../../../../arm-none-eabi/lib/thumb/v7-m/nofp/crt0.o (memset)

Allocating common symbols
Common symbol       size              file

uwTick              0x4               ./Drivers/STM32F1xx_HAL_Driver/Src/stm32f1xx_hal.o
pFlash              0x20              ./Drivers/STM32F1xx_HAL_Driver/Src/stm32f1xx_hal_flash.o

Discarded input sections

 .text          0x0000000000000000        0x0 c:/youssef/programs/stm32 cube ide/stm32cubeide_1.4.0/stm32cubeide/plugins/com.st.stm32cube.ide.mcu.externaltools.gnu-tools-for-stm32.9-2020-q2-update.win32_2.0.0.202105311346/tools/bin/../lib/gcc/arm-none-eabi/9.3.1/thumb/v7-m/nofp/crti.o
 .data          0x0000000000000000        0x0 c:/youssef/programs/stm32 cube ide/stm32cubeide_1.4.0/stm32cubeide/plugins/com.st.stm32cube.ide.mcu.externaltools.gnu-tools-for-stm32.9-2020-q2-update.win32_2.0.0.202105311346/tools/bin/../lib/gcc/arm-none-eabi/9.3.1/thumb/v7-m/nofp/crti.o
 .bss           0x0000000000000000        0x0 c:/youssef/programs/stm32 cube ide/stm32cubeide_1.4.0/stm32cubeide/plugins/com.st.stm32cube.ide.mcu.externaltools.gnu-tools-for-stm32.9-2020-q2-update.win32_2.0.0.202105311346/tools/bin/../lib/gcc/arm-none-eabi/9.3.1/thumb/v7-m/nofp/crti.o
 .data          0x0000000000000000        0x4 c:/youssef/programs/stm32 cube ide/stm32cubeide_1.4.0/stm32cubeide/plugins/com.st.stm32cube.ide.mcu.externaltools.gnu-tools-for-stm32.9-2020-q2-update.win32_2.0.0.202105311346/tools/bin/../lib/gcc/arm-none-eabi/9.3.1/thumb/v7-m/nofp/crtbegin.o
 .text          0x0000000000000000       0x7c c:/youssef/programs/stm32 cube ide/stm32cubeide_1.4.0/stm32cubeide/plugins/com.st.stm32cube.ide.mcu.externaltools.gnu-tools-for-stm32.9-2020-q2-update.win32_2.0.0.202105311346/tools/bin/../lib/gcc/arm-none-eabi/9.3.1/../../../../arm-none-eabi/lib/thumb/v7-m/nofp/crt0.o
 .data          0x0000000000000000        0x0 c:/youssef/programs/stm32 cube ide/stm32cubeide_1.4.0/stm32cubeide/plugins/com.st.stm32cube.ide.mcu.externaltools.gnu-tools-for-stm32.9-2020-q2-update.win32_2.0.0.202105311346/tools/bin/../lib/gcc/arm-none-eabi/9.3.1/../../../../arm-none-eabi/lib/thumb/v7-m/nofp/crt0.o
[...]
Memory Configuration

Name             Origin             Length             Attributes
RAM              0x0000000020000000 0x0000000000002800 xrw
FLASH            0x0000000008000000 0x0000000000008000 xr
*default*        0x0000000000000000 0xffffffffffffffff

Linker script and memory map

LOAD c:/youssef/programs/stm32 cube ide/stm32cubeide_1.4.0/stm32cubeide/plugins/com.st.stm32cube.ide.mcu.externaltools.gnu-tools-for-stm32.9-2020-q2-update.win32_2.0.0.202105311346/tools/bin/../lib/gcc/arm-none-eabi/9.3.1/thumb/v7-m/nofp/crti.o
LOAD c:/youssef/programs/stm32 cube ide/stm32cubeide_1.4.0/stm32cubeide/plugins/com.st.stm32cube.ide.mcu.externaltools.gnu-tools-for-stm32.9-2020-q2-update.win32_2.0.0.202105311346/tools/bin/../lib/gcc/arm-none-eabi/9.3.1/thumb/v7-m/nofp/crtbegin.o
LOAD c:/youssef/programs/stm32 cube ide/stm32cubeide_1.4.0/stm32cubeide/plugins/com.st.stm32cube.ide.mcu.externaltools.gnu-tools-for-stm32.9-2020-q2-update.win32_2.0.0.202105311346/tools/bin/../lib/gcc/arm-none-eabi/9.3.1/../../../../arm-none-eabi/lib/thumb/v7-m/nofp/crt0.o
LOAD ./Core/Src/main.o
LOAD ./Core/Src/stm32f1xx_hal_msp.o
LOAD ./Core/Src/stm32f1xx_it.o
LOAD ./Core/Src/syscalls.o
LOAD ./Core/Src/sysmem.o
LOAD ./Core/Src/system_stm32f1xx.o
LOAD ./Core/Startup/startup_stm32f103c6tx.o
LOAD ./Drivers/STM32F1xx_HAL_Driver/Src/stm32f1xx_hal.o
LOAD ./Drivers/STM32F1xx_HAL_Driver/Src/stm32f1xx_hal_cortex.o
LOAD ./Drivers/STM32F1xx_HAL_Driver/Src/stm32f1xx_hal_dma.o
LOAD ./Drivers/STM32F1xx_HAL_Driver/Src/stm32f1xx_hal_exti.o
LOAD ./Drivers/STM32F1xx_HAL_Driver/Src/stm32f1xx_hal_flash.o
LOAD ./Drivers/STM32F1xx_HAL_Driver/Src/stm32f1xx_hal_flash_ex.o
LOAD ./Drivers/STM32F1xx_HAL_Driver/Src/stm32f1xx_hal_gpio.o
LOAD ./Drivers/STM32F1xx_HAL_Driver/Src/stm32f1xx_hal_gpio_ex.o
LOAD ./Drivers/STM32F1xx_HAL_Driver/Src/stm32f1xx_hal_pwr.o
LOAD ./Drivers/STM32F1xx_HAL_Driver/Src/stm32f1xx_hal_rcc.o
LOAD ./Drivers/STM32F1xx_HAL_Driver/Src/stm32f1xx_hal_rcc_ex.o
LOAD ./Drivers/STM32F1xx_HAL_Driver/Src/stm32f1xx_hal_tim.o
LOAD ./Drivers/STM32F1xx_HAL_Driver/Src/stm32f1xx_hal_tim_ex.o
START GROUP
LOAD c:/youssef/programs/stm32 cube ide/stm32cubeide_1.4.0/stm32cubeide/plugins/com.st.stm32cube.ide.mcu.externaltools.gnu-tools-for-stm32.9-2020-q2-update.win32_2.0.0.202105311346/tools/bin/../lib/gcc/arm-none-eabi/9.3.1/../../../../arm-none-eabi/lib/thumb/v7-m/nofp\libc_nano.a
LOAD c:/youssef/programs/stm32 cube ide/stm32cubeide_1.4.0/stm32cubeide/plugins/com.st.stm32cube.ide.mcu.externaltools.gnu-tools-for-stm32.9-2020-q2-update.win32_2.0.0.202105311346/tools/bin/../lib/gcc/arm-none-eabi/9.3.1/../../../../arm-none-eabi/lib/thumb/v7-m/nofp\libm.a
END GROUP
START GROUP
LOAD c:/youssef/programs/stm32 cube ide/stm32cubeide_1.4.0/stm32cubeide/plugins/com.st.stm32cube.ide.mcu.externaltools.gnu-tools-for-stm32.9-2020-q2-update.win32_2.0.0.202105311346/tools/bin/../lib/gcc/arm-none-eabi/9.3.1/thumb/v7-m/nofp\libgcc.a
LOAD c:/youssef/programs/stm32 cube ide/stm32cubeide_1.4.0/stm32cubeide/plugins/com.st.stm32cube.ide.mcu.externaltools.gnu-tools-for-stm32.9-2020-q2-update.win32_2.0.0.202105311346/tools/bin/../lib/gcc/arm-none-eabi/9.3.1/../../../../arm-none-eabi/lib/thumb/v7-m/nofp\libc_nano.a
END GROUP
START GROUP
LOAD c:/youssef/programs/stm32 cube ide/stm32cubeide_1.4.0/stm32cubeide/plugins/com.st.stm32cube.ide.mcu.externaltools.gnu-tools-for-stm32.9-2020-q2-update.win32_2.0.0.202105311346/tools/bin/../lib/gcc/arm-none-eabi/9.3.1/thumb/v7-m/nofp\libgcc.a
LOAD c:/youssef/programs/stm32 cube ide/stm32cubeide_1.4.0/stm32cubeide/plugins/com.st.stm32cube.ide.mcu.externaltools.gnu-tools-for-stm32.9-2020-q2-update.win32_2.0.0.202105311346/tools/bin/../lib/gcc/arm-none-eabi/9.3.1/../../../../arm-none-eabi/lib/thumb/v7-m/nofp\libc_nano.a
LOAD c:/youssef/programs/stm32 cube ide/stm32cubeide_1.4.0/stm32cubeide/plugins/com.st.stm32cube.ide.mcu.externaltools.gnu-tools-for-stm32.9-2020-q2-update.win32_2.0.0.202105311346/tools/bin/../lib/gcc/arm-none-eabi/9.3.1/../../../../arm-none-eabi/lib/thumb/v7-m/nofp\libnosys.a
END GROUP
START GROUP
LOAD c:/youssef/programs/stm32 cube ide/stm32cubeide_1.4.0/stm32cubeide/plugins/com.st.stm32cube.ide.mcu.externaltools.gnu-tools-for-stm32.9-2020-q2-update.win32_2.0.0.202105311346/tools/bin/../lib/gcc/arm-none-eabi/9.3.1/thumb/v7-m/nofp\libgcc.a
LOAD c:/youssef/programs/stm32 cube ide/stm32cubeide_1.4.0/stm32cubeide/plugins/com.st.stm32cube.ide.mcu.externaltools.gnu-tools-for-stm32.9-2020-q2-update.win32_2.0.0.202105311346/tools/bin/../lib/gcc/arm-none-eabi/9.3.1/../../../../arm-none-eabi/lib/thumb/v7-m/nofp\libc_nano.a
LOAD c:/youssef/programs/stm32 cube ide/stm32cubeide_1.4.0/stm32cubeide/plugins/com.st.stm32cube.ide.mcu.externaltools.gnu-tools-for-stm32.9-2020-q2-update.win32_2.0.0.202105311346/tools/bin/../lib/gcc/arm-none-eabi/9.3.1/../../../../arm-none-eabi/lib/thumb/v7-m/nofp\libnosys.a
END GROUP
LOAD c:/youssef/programs/stm32 cube ide/stm32cubeide_1.4.0/stm32cubeide/plugins/com.st.stm32cube.ide.mcu.externaltools.gnu-tools-for-stm32.9-2020-q2-update.win32_2.0.0.202105311346/tools/bin/../lib/gcc/arm-none-eabi/9.3.1/thumb/v7-m/nofp/crtend.o
LOAD c:/youssef/programs/stm32 cube ide/stm32cubeide_1.4.0/stm32cubeide/plugins/com.st.stm32cube.ide.mcu.externaltools.gnu-tools-for-stm32.9-2020-q2-update.win32_2.0.0.202105311346/tools/bin/../lib/gcc/arm-none-eabi/9.3.1/thumb/v7-m/nofp/crtn.o
                0x0000000020002800                _estack = (ORIGIN (RAM) + LENGTH (RAM))
                0x0000000000000200                _Min_Heap_Size = 0x200
                0x0000000000000400                _Min_Stack_Size = 0x400

.isr_vector     0x0000000008000000      0x10c
                0x0000000008000000                . = ALIGN (0x4)
 *(.isr_vector)
 .isr_vector    0x0000000008000000      0x10c ./Core/Startup/startup_stm32f103c6tx.o
                0x0000000008000000                g_pfnVectors
                0x000000000800010c                . = ALIGN (0x4)

.text           0x000000000800010c      0x1e4
                0x000000000800010c                . = ALIGN (0x4)
 *(.text)
 .text          0x000000000800010c       0x40 c:/youssef/programs/stm32 cube ide/stm32cubeide_1.4.0/stm32cubeide/plugins/com.st.stm32cube.ide.mcu.externaltools.gnu-tools-for-stm32.9-2020-q2-update.win32_2.0.0.202105311346/tools/bin/../lib/gcc/arm-none-eabi/9.3.1/thumb/v7-m/nofp/crtbegin.o
 *(.text*)
 .text.main     0x000000000800014c       0x78 ./Core/Src/main.o
                0x000000000800014c                main
 .text.NMI_Handler
                0x00000000080001c4        0x6 ./Core/Src/stm32f1xx_it.o
                0x00000000080001c4                NMI_Handler
 .text.HardFault_Handler
                0x00000000080001ca        0x6 ./Core/Src/stm32f1xx_it.o
                0x00000000080001ca                HardFault_Handler
 .text.MemManage_Handler
                0x00000000080001d0        0x6 ./Core/Src/stm32f1xx_it.o
                0x00000000080001d0                MemManage_Handler
 .text.BusFault_Handler
                0x00000000080001d6        0x6 ./Core/Src/stm32f1xx_it.o
                0x00000000080001d6                BusFault_Handler
 .text.UsageFault_Handler
                0x00000000080001dc        0x6 ./Core/Src/stm32f1xx_it.o
                0x00000000080001dc                UsageFault_Handler
 .text.SVC_Handler
                0x00000000080001e2        0xc ./Core/Src/stm32f1xx_it.o
                0x00000000080001e2                SVC_Handler
 .text.DebugMon_Handler
                0x00000000080001ee        0xc ./Core/Src/stm32f1xx_it.o
                0x00000000080001ee                DebugMon_Handler
 .text.PendSV_Handler
                0x00000000080001fa        0xc ./Core/Src/stm32f1xx_it.o
                0x00000000080001fa                PendSV_Handler
 .text.SysTick_Handler
                0x0000000008000206        0xc ./Core/Src/stm32f1xx_it.o
                0x0000000008000206                SysTick_Handler
 .text.SystemInit
                0x0000000008000212        0xc ./Core/Src/system_stm32f1xx.o
                0x0000000008000212                SystemInit
 *fill*         0x000000000800021e        0x2 
 .text.Reset_Handler
                0x0000000008000220       0x48 ./Core/Startup/startup_stm32f103c6tx.o
                0x0000000008000220                Reset_Handler
 .text.Default_Handler
                0x0000000008000268        0x2 ./Core/Startup/startup_stm32f103c6tx.o
                0x0000000008000268                RTC_Alarm_IRQHandler
                0x0000000008000268                EXTI2_IRQHandler
                0x0000000008000268                TIM1_CC_IRQHandler
                0x0000000008000268                PVD_IRQHandler
                0x0000000008000268                EXTI3_IRQHandler
                0x0000000008000268                EXTI0_IRQHandler
                0x0000000008000268                ADC1_2_IRQHandler
                0x0000000008000268                SPI1_IRQHandler
                0x0000000008000268                TAMPER_IRQHandler
                0x0000000008000268                DMA1_Channel4_IRQHandler
                0x0000000008000268                RTC_IRQHandler
                0x0000000008000268                DMA1_Channel7_IRQHandler
                0x0000000008000268                CAN1_RX1_IRQHandler
                0x0000000008000268                I2C1_EV_IRQHandler
                0x0000000008000268                DMA1_Channel6_IRQHandler
                0x0000000008000268                TIM3_IRQHandler
                0x0000000008000268                RCC_IRQHandler
                0x0000000008000268                TIM1_TRG_COM_IRQHandler
                0x0000000008000268                DMA1_Channel1_IRQHandler
                0x0000000008000268                Default_Handler
                0x0000000008000268                EXTI15_10_IRQHandler
                0x0000000008000268                EXTI9_5_IRQHandler
                0x0000000008000268                DMA1_Channel5_IRQHandler
                0x0000000008000268                EXTI4_IRQHandler
                0x0000000008000268                USB_LP_CAN1_RX0_IRQHandler
                0x0000000008000268                USB_HP_CAN1_TX_IRQHandler
                0x0000000008000268                DMA1_Channel3_IRQHandler
                0x0000000008000268                TIM1_UP_IRQHandler
                0x0000000008000268                WWDG_IRQHandler
                0x0000000008000268                TIM2_IRQHandler
                0x0000000008000268                TIM1_BRK_IRQHandler
                0x0000000008000268                EXTI1_IRQHandler
                0x0000000008000268                USART2_IRQHandler
                0x0000000008000268                DMA1_Channel2_IRQHandler
                0x0000000008000268                CAN1_SCE_IRQHandler
                0x0000000008000268                FLASH_IRQHandler
                0x0000000008000268                USART1_IRQHandler
                0x0000000008000268                I2C1_ER_IRQHandler
                0x0000000008000268                USBWakeUp_IRQHandler
 *fill*         0x000000000800026a        0x2 
 .text.HAL_IncTick
                0x000000000800026c       0x24 ./Drivers/STM32F1xx_HAL_Driver/Src/stm32f1xx_hal.o
                0x000000000800026c                HAL_IncTick
 .text.__libc_init_array
                0x0000000008000290       0x48 c:/youssef/programs/stm32 cube ide/stm32cubeide_1.4.0/stm32cubeide/plugins/com.st.stm32cube.ide.mcu.externaltools.gnu-tools-for-stm32.9-2020-q2-update.win32_2.0.0.202105311346/tools/bin/../lib/gcc/arm-none-eabi/9.3.1/../../../../arm-none-eabi/lib/thumb/v7-m/nofp\libc_nano.a(lib_a-init.o)
                0x0000000008000290                __libc_init_array
 *(.glue_7)
 .glue_7        0x00000000080002d8        0x0 linker stubs
 *(.glue_7t)
 .glue_7t       0x00000000080002d8        0x0 linker stubs
 *(.eh_frame)
 .eh_frame      0x00000000080002d8        0x0 c:/youssef/programs/stm32 cube ide/stm32cubeide_1.4.0/stm32cubeide/plugins/com.st.stm32cube.ide.mcu.externaltools.gnu-tools-for-stm32.9-2020-q2-update.win32_2.0.0.202105311346/tools/bin/../lib/gcc/arm-none-eabi/9.3.1/thumb/v7-m/nofp/crtbegin.o
 *(.init)
 .init          0x00000000080002d8        0x4 c:/youssef/programs/stm32 cube ide/stm32cubeide_1.4.0/stm32cubeide/plugins/com.st.stm32cube.ide.mcu.externaltools.gnu-tools-for-stm32.9-2020-q2-update.win32_2.0.0.202105311346/tools/bin/../lib/gcc/arm-none-eabi/9.3.1/thumb/v7-m/nofp/crti.o
                0x00000000080002d8                _init
 .init          0x00000000080002dc        0x8 c:/youssef/programs/stm32 cube ide/stm32cubeide_1.4.0/stm32cubeide/plugins/com.st.stm32cube.ide.mcu.externaltools.gnu-tools-for-stm32.9-2020-q2-update.win32_2.0.0.202105311346/tools/bin/../lib/gcc/arm-none-eabi/9.3.1/thumb/v7-m/nofp/crtn.o
 *(.fini)
 .fini          0x00000000080002e4        0x4 c:/youssef/programs/stm32 cube ide/stm32cubeide_1.4.0/stm32cubeide/plugins/com.st.stm32cube.ide.mcu.externaltools.gnu-tools-for-stm32.9-2020-q2-update.win32_2.0.0.202105311346/tools/bin/../lib/gcc/arm-none-eabi/9.3.1/thumb/v7-m/nofp/crti.o
                0x00000000080002e4                _fini
 .fini          0x00000000080002e8        0x8 c:/youssef/programs/stm32 cube ide/stm32cubeide_1.4.0/stm32cubeide/plugins/com.st.stm32cube.ide.mcu.externaltools.gnu-tools-for-stm32.9-2020-q2-update.win32_2.0.0.202105311346/tools/bin/../lib/gcc/arm-none-eabi/9.3.1/thumb/v7-m/nofp/crtn.o
                0x00000000080002f0                . = ALIGN (0x4)
                0x00000000080002f0                _etext = .

.vfp11_veneer   0x00000000080002f0        0x0
 .vfp11_veneer  0x00000000080002f0        0x0 linker stubs

.v4_bx          0x00000000080002f0        0x0
 .v4_bx         0x00000000080002f0        0x0 linker stubs

.iplt           0x00000000080002f0        0x0
 .iplt          0x00000000080002f0        0x0 c:/youssef/programs/stm32 cube ide/stm32cubeide_1.4.0/stm32cubeide/plugins/com.st.stm32cube.ide.mcu.externaltools.gnu-tools-for-stm32.9-2020-q2-update.win32_2.0.0.202105311346/tools/bin/../lib/gcc/arm-none-eabi/9.3.1/thumb/v7-m/nofp/crtbegin.o

.rel.dyn        0x00000000080002f0        0x0
 .rel.iplt      0x00000000080002f0        0x0 c:/youssef/programs/stm32 cube ide/stm32cubeide_1.4.0/stm32cubeide/plugins/com.st.stm32cube.ide.mcu.externaltools.gnu-tools-for-stm32.9-2020-q2-update.win32_2.0.0.202105311346/tools/bin/../lib/gcc/arm-none-eabi/9.3.1/thumb/v7-m/nofp/crtbegin.o

.rodata         0x00000000080002f0        0x0
                0x00000000080002f0                . = ALIGN (0x4)
 *(.rodata)
 *(.rodata*)
                0x00000000080002f0                . = ALIGN (0x4)

.ARM.extab      0x00000000080002f0        0x0
                0x00000000080002f0                . = ALIGN (0x4)
 *(.ARM.extab* .gnu.linkonce.armextab.*)
                0x00000000080002f0                . = ALIGN (0x4)

.ARM            0x00000000080002f0        0x0
                0x00000000080002f0                . = ALIGN (0x4)
                0x00000000080002f0                __exidx_start = .
 *(.ARM.exidx*)
                0x00000000080002f0                __exidx_end = .
                0x00000000080002f0                . = ALIGN (0x4)

.preinit_array  0x00000000080002f0        0x0
                0x00000000080002f0                . = ALIGN (0x4)
                0x00000000080002f0                PROVIDE (__preinit_array_start = .)
 *(.preinit_array*)
                0x00000000080002f0                PROVIDE (__preinit_array_end = .)
                0x00000000080002f0                . = ALIGN (0x4)

.init_array     0x00000000080002f0        0x4
                0x00000000080002f0                . = ALIGN (0x4)
                0x00000000080002f0                PROVIDE (__init_array_start = .)
 *(SORT_BY_NAME(.init_array.*))
 *(.init_array*)
 .init_array    0x00000000080002f0        0x4 c:/youssef/programs/stm32 cube ide/stm32cubeide_1.4.0/stm32cubeide/plugins/com.st.stm32cube.ide.mcu.externaltools.gnu-tools-for-stm32.9-2020-q2-update.win32_2.0.0.202105311346/tools/bin/../lib/gcc/arm-none-eabi/9.3.1/thumb/v7-m/nofp/crtbegin.o
                0x00000000080002f4                PROVIDE (__init_array_end = .)
                0x00000000080002f4                . = ALIGN (0x4)

.fini_array     0x00000000080002f4        0x4
                0x00000000080002f4                . = ALIGN (0x4)
                [!provide]                        PROVIDE (__fini_array_start = .)
 *(SORT_BY_NAME(.fini_array.*))
 *(.fini_array*)
 .fini_array    0x00000000080002f4        0x4 c:/youssef/programs/stm32 cube ide/stm32cubeide_1.4.0/stm32cubeide/plugins/com.st.stm32cube.ide.mcu.externaltools.gnu-tools-for-stm32.9-2020-q2-update.win32_2.0.0.202105311346/tools/bin/../lib/gcc/arm-none-eabi/9.3.1/thumb/v7-m/nofp/crtbegin.o
                [!provide]                        PROVIDE (__fini_array_end = .)
                0x00000000080002f8                . = ALIGN (0x4)
                0x00000000080002f8                _sidata = LOADADDR (.data)

.data           0x0000000020000000        0x8 load address 0x00000000080002f8
                0x0000000020000000                . = ALIGN (0x4)
                0x0000000020000000                _sdata = .
 *(.data)
 *(.data*)
 .data.R_ODR    0x0000000020000000        0x4 ./Core/Src/main.o
                0x0000000020000000                R_ODR
 .data.uwTickFreq
                0x0000000020000004        0x1 ./Drivers/STM32F1xx_HAL_Driver/Src/stm32f1xx_hal.o
                0x0000000020000004                uwTickFreq
 *(.RamFunc)
 *(.RamFunc*)
                0x0000000020000008                . = ALIGN (0x4)
 *fill*         0x0000000020000005        0x3 
                0x0000000020000008                _edata = .

.igot.plt       0x0000000020000008        0x0 load address 0x0000000008000300
 .igot.plt      0x0000000020000008        0x0 c:/youssef/programs/stm32 cube ide/stm32cubeide_1.4.0/stm32cubeide/plugins/com.st.stm32cube.ide.mcu.externaltools.gnu-tools-for-stm32.9-2020-q2-update.win32_2.0.0.202105311346/tools/bin/../lib/gcc/arm-none-eabi/9.3.1/thumb/v7-m/nofp/crtbegin.o
                0x0000000020000008                . = ALIGN (0x4)

.bss            0x0000000020000008       0x20 load address 0x0000000008000300
                0x0000000020000008                _sbss = .
                0x0000000020000008                __bss_start__ = _sbss
 *(.bss)
 .bss           0x0000000020000008       0x1c c:/youssef/programs/stm32 cube ide/stm32cubeide_1.4.0/stm32cubeide/plugins/com.st.stm32cube.ide.mcu.externaltools.gnu-tools-for-stm32.9-2020-q2-update.win32_2.0.0.202105311346/tools/bin/../lib/gcc/arm-none-eabi/9.3.1/thumb/v7-m/nofp/crtbegin.o
 *(.bss*)
 *(COMMON)
 COMMON         0x0000000020000024        0x4 ./Drivers/STM32F1xx_HAL_Driver/Src/stm32f1xx_hal.o
                0x0000000020000024                uwTick
                0x0000000020000028                . = ALIGN (0x4)
                0x0000000020000028                _ebss = .
                0x0000000020000028                __bss_end__ = _ebss

._user_heap_stack
                0x0000000020000028      0x600 load address 0x0000000008000300
                0x0000000020000028                . = ALIGN (0x8)
                [!provide]                        PROVIDE (end = .)
                0x0000000020000028                PROVIDE (_end = .)
                0x0000000020000228                . = (. + _Min_Heap_Size)
 *fill*         0x0000000020000028      0x200 
                0x0000000020000628                . = (. + _Min_Stack_Size)
 *fill*         0x0000000020000228      0x400 
                0x0000000020000628                . = ALIGN (0x8)

/DISCARD/
 libc.a(*)
 libm.a(*)
 libgcc.a(*)

.ARM.attributes
                0x0000000000000000       0x29
 *(.ARM.attributes)
 .ARM.attributes
                0x0000000000000000       0x1d c:/youssef/programs/stm32 cube ide/stm32cubeide_1.4.0/stm32cubeide/plugins/com.st.stm32cube.ide.mcu.externaltools.gnu-tools-for-stm32.9-2020-q2-update.win32_2.0.0.202105311346/tools/bin/../lib/gcc/arm-none-eabi/9.3.1/thumb/v7-m/nofp/crti.o
 .ARM.attributes
                0x000000000000001d       0x2d c:/youssef/programs/stm32 cube ide/stm32cubeide_1.4.0/stm32cubeide/plugins/com.st.stm32cube.ide.mcu.externaltools.gnu-tools-for-stm32.9-2020-q2-update.win32_2.0.0.202105311346/tools/bin/../lib/gcc/arm-none-eabi/9.3.1/thumb/v7-m/nofp/crtbegin.o
 .ARM.attributes
                0x000000000000004a       0x2d ./Core/Src/main.o
 .ARM.attributes
                0x0000000000000077       0x2d ./Core/Src/stm32f1xx_it.o
 .ARM.attributes
                0x00000000000000a4       0x2d ./Core/Src/system_stm32f1xx.o
 .ARM.attributes
                0x00000000000000d1       0x21 ./Core/Startup/startup_stm32f103c6tx.o
 .ARM.attributes
                0x00000000000000f2       0x2d ./Drivers/STM32F1xx_HAL_Driver/Src/stm32f1xx_hal.o
 .ARM.attributes
                0x000000000000011f       0x2d c:/youssef/programs/stm32 cube ide/stm32cubeide_1.4.0/stm32cubeide/plugins/com.st.stm32cube.ide.mcu.externaltools.gnu-tools-for-stm32.9-2020-q2-update.win32_2.0.0.202105311346/tools/bin/../lib/gcc/arm-none-eabi/9.3.1/../../../../arm-none-eabi/lib/thumb/v7-m/nofp\libc_nano.a(lib_a-init.o)
 .ARM.attributes
                0x000000000000014c       0x1d c:/youssef/programs/stm32 cube ide/stm32cubeide_1.4.0/stm32cubeide/plugins/com.st.stm32cube.ide.mcu.externaltools.gnu-tools-for-stm32.9-2020-q2-update.win32_2.0.0.202105311346/tools/bin/../lib/gcc/arm-none-eabi/9.3.1/thumb/v7-m/nofp/crtn.o
OUTPUT(Toggle LED - Introduction.elf elf32-littlearm)
LOAD linker stubs
LOAD c:/youssef/programs/stm32 cube ide/stm32cubeide_1.4.0/stm32cubeide/plugins/com.st.stm32cube.ide.mcu.externaltools.gnu-tools-for-stm32.9-2020-q2-update.win32_2.0.0.202105311346/tools/bin/../lib/gcc/arm-none-eabi/9.3.1/../../../../arm-none-eabi/lib/thumb/v7-m/nofp\libc.a
LOAD c:/youssef/programs/stm32 cube ide/stm32cubeide_1.4.0/stm32cubeide/plugins/com.st.stm32cube.ide.mcu.externaltools.gnu-tools-for-stm32.9-2020-q2-update.win32_2.0.0.202105311346/tools/bin/../lib/gcc/arm-none-eabi/9.3.1/../../../../arm-none-eabi/lib/thumb/v7-m/nofp\libm.a
LOAD c:/youssef/programs/stm32 cube ide/stm32cubeide_1.4.0/stm32cubeide/plugins/com.st.stm32cube.ide.mcu.externaltools.gnu-tools-for-stm32.9-2020-q2-update.win32_2.0.0.202105311346/tools/bin/../lib/gcc/arm-none-eabi/9.3.1/thumb/v7-m/nofp\libgcc.a

.debug_info     0x0000000000000000      0xd8d
 .debug_info    0x0000000000000000      0x13f ./Core/Src/main.o
 .debug_info    0x000000000000013f      0x222 ./Core/Src/stm32f1xx_it.o
 .debug_info    0x0000000000000361      0x2be ./Core/Src/system_stm32f1xx.o
 .debug_info    0x000000000000061f       0x22 ./Core/Startup/startup_stm32f103c6tx.o
 .debug_info    0x0000000000000641      0x74c ./Drivers/STM32F1xx_HAL_Driver/Src/stm32f1xx_hal.o

.debug_abbrev   0x0000000000000000      0x510
 .debug_abbrev  0x0000000000000000       0xf1 ./Core/Src/main.o
 .debug_abbrev  0x00000000000000f1       0xd2 ./Core/Src/stm32f1xx_it.o
 .debug_abbrev  0x00000000000001c3      0x14e ./Core/Src/system_stm32f1xx.o
 .debug_abbrev  0x0000000000000311       0x12 ./Core/Startup/startup_stm32f103c6tx.o
 .debug_abbrev  0x0000000000000323      0x1ed ./Drivers/STM32F1xx_HAL_Driver/Src/stm32f1xx_hal.o

.debug_aranges  0x0000000000000000      0x1b0
 .debug_aranges
                0x0000000000000000       0x20 ./Core/Src/main.o
 .debug_aranges
                0x0000000000000020       0x60 ./Core/Src/stm32f1xx_it.o
 .debug_aranges
                0x0000000000000080       0x28 ./Core/Src/system_stm32f1xx.o
 .debug_aranges
                0x00000000000000a8       0x28 ./Core/Startup/startup_stm32f103c6tx.o
 .debug_aranges
                0x00000000000000d0       0xe0 ./Drivers/STM32F1xx_HAL_Driver/Src/stm32f1xx_hal.o

.debug_ranges   0x0000000000000000      0x168
 .debug_ranges  0x0000000000000000       0x10 ./Core/Src/main.o
 .debug_ranges  0x0000000000000010       0x50 ./Core/Src/stm32f1xx_it.o
 .debug_ranges  0x0000000000000060       0x18 ./Core/Src/system_stm32f1xx.o
 .debug_ranges  0x0000000000000078       0x20 ./Core/Startup/startup_stm32f103c6tx.o
 .debug_ranges  0x0000000000000098       0xd0 ./Drivers/STM32F1xx_HAL_Driver/Src/stm32f1xx_hal.o

.debug_macro    0x0000000000000000      0xfb7
 .debug_macro   0x0000000000000000       0x44 ./Core/Src/main.o
 .debug_macro   0x0000000000000044      0xa9c ./Core/Src/main.o
 .debug_macro   0x0000000000000ae0       0x16 ./Core/Src/main.o
 .debug_macro   0x0000000000000af6      0x197 ./Core/Src/stm32f1xx_it.o
 .debug_macro   0x0000000000000c8d      0x183 ./Core/Src/system_stm32f1xx.o
 .debug_macro   0x0000000000000e10      0x1a7 ./Drivers/STM32F1xx_HAL_Driver/Src/stm32f1xx_hal.o

.debug_line     0x0000000000000000     0x1d05
 .debug_line    0x0000000000000000       0x90 ./Core/Src/main.o
 .debug_line    0x0000000000000090      0x8c3 ./Core/Src/stm32f1xx_it.o
 .debug_line    0x0000000000000953      0x87f ./Core/Src/system_stm32f1xx.o
 .debug_line    0x00000000000011d2       0x87 ./Core/Startup/startup_stm32f103c6tx.o
 .debug_line    0x0000000000001259      0xaac ./Drivers/STM32F1xx_HAL_Driver/Src/stm32f1xx_hal.o

.debug_str      0x0000000000000000    0x78d51
 .debug_str     0x0000000000000000     0x2eb9 ./Core/Src/main.o
                                       0x2f29 (size before relaxing)
 .debug_str     0x0000000000002eb9    0x7586a ./Core/Src/stm32f1xx_it.o
                                      0x788fe (size before relaxing)
 .debug_str     0x0000000000078723       0x91 ./Core/Src/system_stm32f1xx.o
                                      0x788ce (size before relaxing)
 .debug_str     0x00000000000787b4       0x36 ./Core/Startup/startup_stm32f103c6tx.o
                                         0x79 (size before relaxing)
 .debug_str     0x00000000000787ea      0x567 ./Drivers/STM32F1xx_HAL_Driver/Src/stm32f1xx_hal.o
                                      0x78f25 (size before relaxing)

.comment        0x0000000000000000       0x53
 .comment       0x0000000000000000       0x53 ./Core/Src/main.o
                                         0x54 (size before relaxing)
 .comment       0x0000000000000053       0x54 ./Core/Src/stm32f1xx_it.o
 .comment       0x0000000000000053       0x54 ./Core/Src/system_stm32f1xx.o
 .comment       0x0000000000000053       0x54 ./Drivers/STM32F1xx_HAL_Driver/Src/stm32f1xx_hal.o

.debug_frame    0x0000000000000000      0x4e8
 .debug_frame   0x0000000000000000       0x2c ./Core/Src/main.o
 .debug_frame   0x000000000000002c      0x104 ./Core/Src/stm32f1xx_it.o
 .debug_frame   0x0000000000000130       0x58 ./Core/Src/system_stm32f1xx.o
 .debug_frame   0x0000000000000188      0x334 ./Drivers/STM32F1xx_HAL_Driver/Src/stm32f1xx_hal.o
 .debug_frame   0x00000000000004bc       0x2c c:/youssef/programs/stm32 cube ide/stm32cubeide_1.4.0/stm32cubeide/plugins/com.st.stm32cube.ide.mcu.externaltools.gnu-tools-for-stm32.9-2020-q2-update.win32_2.0.0.202105311346/tools/bin/../lib/gcc/arm-none-eabi/9.3.1/../../../../arm-none-eabi/lib/thumb/v7-m/nofp\libc_nano.a(lib_a-init.o)
